[icsse2017.hcmute.edu.vn/index.html]
[backblue.gif]
[fade.gif]
[index.html]
[icsse2017.hcmute.edu.vn/CSS/show_img.css]
[icsse2017.hcmute.edu.vn/Scripts/Common.js]
[icsse2017.hcmute.edu.vn/Scripts/PagingContent.js]
[icsse2017.hcmute.edu.vn/Resources/Imagephoto/logo.png]
[icsse2017.hcmute.edu.vn/Portlets/PanelBar/js/jquery-1.7.2.min.js]
[icsse2017.hcmute.edu.vn/Components/lightbox/css/lightbox.css]
[icsse2017.hcmute.edu.vn/Components/lightbox/js/lightbox.min.js]
[icsse2017.hcmute.edu.vn/CSS/search_Article.css]
[icsse2017.hcmute.edu.vn/WebResource35b9.css]
[icsse2017.hcmute.edu.vn/WebResourceb3b4.css]
[icsse2017.hcmute.edu.vn/WebResourcee0ee.css]
[icsse2017.hcmute.edu.vn/WebResource9300.js]
[icsse2017.hcmute.edu.vn/Telerik.Web.UI.WebResourcec672.js]
[icsse2017.hcmute.edu.vn/Resources/ImagesPortal/PhongBan/main.css]
[icsse2017.hcmute.edu.vn/CSS/mainPortlets.css]
[icsse2017.hcmute.edu.vn/Resources/Images/SubDomain/icsse2017/Banner Hoi nghi quoc te sua.jpg]
[icsse2017.hcmute.edu.vn/Portlets/NivoSlider/CSS/nivo-slider.css]
[icsse2017.hcmute.edu.vn/Portlets/NivoSlider/CSS/themes/default/default.css]
[icsse2017.hcmute.edu.vn/Portlets/NivoSlider/Scripts/jquery.nivo.slider.js]
[icsse2017.hcmute.edu.vn/Resources/imagesPortlet/e28a24d5-befe-4213-a3d5-2e1ebcb2a71e/HNQT3.jpg]
[icsse2017.hcmute.edu.vn/Resources/imagesPortlet/e28a24d5-befe-4213-a3d5-2e1ebcb2a71e/HNQT2.jpg]
[icsse2017.hcmute.edu.vn/Resources/imagesPortlet/e28a24d5-befe-4213-a3d5-2e1ebcb2a71e/HNQT1.jpg]
[icsse2017.hcmute.edu.vn/Portlets/MenuRad/Menu.Green.css]
[icsse2017.hcmute.edu.vn/Default50b6.html]
[icsse2017.hcmute.edu.vn/Default093c.html]
[icsse2017.hcmute.edu.vn/Default816d.html]
[icsse2017.hcmute.edu.vn/Default71a5.html]
[icsse2017.hcmute.edu.vn/Default789b.html]
[icsse2017.hcmute.edu.vn/Defaulta8ef.html]
[icsse2017.hcmute.edu.vn/Default6b73.html]
[icsse2017.hcmute.edu.vn/Defaultd478.html]
[icsse2017.hcmute.edu.vn/Default84ba.html]
[icsse2017.hcmute.edu.vn/Resources/ImagesPortal/PhongBan/arrow_all_phong.png]
[icsse2017.hcmute.edu.vn/Resources/Docs/SubDomain/icsse2017/SS_cfp_Huang.pdf]
[icsse2017.hcmute.edu.vn/index52be.html]
[icsse2017.hcmute.edu.vn/indexe41c.html]
[icsse2017.hcmute.edu.vn/Resources/Docs/SubDomain/icsse2017/SS02 - call4pp.pdf]
[icsse2017.hcmute.edu.vn/indexc489.html]
[icsse2017.hcmute.edu.vn/indexc059.html]
[icsse2017.hcmute.edu.vn/Resources/Docs/SubDomain/icsse2017/ieeeconf_letter.doc]
[icsse2017.hcmute.edu.vn/Resources/Docs/SubDomain/icsse2017/Instruction easychair_ICSSE2017.docx]
[icsse2017.hcmute.edu.vn/Resources/ImagesPortal/PhongBan/bgfooter_phong.png]
[icsse2017.hcmute.edu.vn/index.html]
[icsse2017.hcmute.edu.vn/Resources/ImagePhoto/bg_img.jpg]
[icsse2017.hcmute.edu.vn/CSS/show_img.css]
[icsse2017.hcmute.edu.vn/Portlets/PanelBar/js/jquery-1.7.2.min.js]
[icsse2017.hcmute.edu.vn/Scripts/Common.js]
[icsse2017.hcmute.edu.vn/Scripts/PagingContent.js]
[icsse2017.hcmute.edu.vn/Components/lightbox/img/close.png]
[icsse2017.hcmute.edu.vn/Components/lightbox/img/loading.gif]
[icsse2017.hcmute.edu.vn/Components/lightbox/img/prev.png]
[icsse2017.hcmute.edu.vn/Components/lightbox/img/next.png]
[icsse2017.hcmute.edu.vn/Components/lightbox/css/lightbox.css]
[icsse2017.hcmute.edu.vn/Components/lightbox/js/lightbox.min.js]
[icsse2017.hcmute.edu.vn/CSS/search_Article.css]
[icsse2017.hcmute.edu.vn/WebResourcedf72.gif]
[icsse2017.hcmute.edu.vn/WebResource0a72.gif]
[icsse2017.hcmute.edu.vn/WebResource35b9.css]
[icsse2017.hcmute.edu.vn/WebResourced319.gif]
[icsse2017.hcmute.edu.vn/WebResource008b.gif]
[icsse2017.hcmute.edu.vn/WebResource2b5f.png]
[icsse2017.hcmute.edu.vn/WebResourcea448.png]
[icsse2017.hcmute.edu.vn/WebResource2f2a.gif]
[icsse2017.hcmute.edu.vn/WebResourced2f4.gif]
[icsse2017.hcmute.edu.vn/WebResource1140.gif]
[icsse2017.hcmute.edu.vn/WebResourceb3b4.css]
[icsse2017.hcmute.edu.vn/WebResourceffb8.png]
[icsse2017.hcmute.edu.vn/WebResourceae61.png]
[icsse2017.hcmute.edu.vn/WebResourced9b6.png]
[icsse2017.hcmute.edu.vn/WebResource6fae.png]
[icsse2017.hcmute.edu.vn/WebResourcee0ee.css]
[icsse2017.hcmute.edu.vn/WebResource9300.js]
[icsse2017.hcmute.edu.vn/Telerik.Web.UI.WebResourcec672.js]
[icsse2017.hcmute.edu.vn/Services/PortletProxy.asmx/jsdebug.js]
[icsse2017.hcmute.edu.vn/Services/ModuleProxy.asmx/jsdebug.js]
[icsse2017.hcmute.edu.vn/Services/CMS.asmx/jsdebug.js]
[icsse2017.hcmute.edu.vn/Services/WeatherService.asmx/jsdebug.js]
[icsse2017.hcmute.edu.vn/Resources/ImagesPortal/PhongBan/bgsearch_phong.png]
[icsse2017.hcmute.edu.vn/Resources/ImagesPortal/PhongBan/bt_search.png]
[icsse2017.hcmute.edu.vn/Resources/ImagesPortal/PhongBan/bg_mn_phong.jpg]
[icsse2017.hcmute.edu.vn/Resources/ImagesPortal/PhongBan/bgtopic_phong.png]
[icsse2017.hcmute.edu.vn/Resources/ImagesPortal/PhongBan/bgtopic_phong_blue.png]
[icsse2017.hcmute.edu.vn/Resources/ImagesPortal/PhongBan/main.css]
[icsse2017.hcmute.edu.vn/Resources/ImagesPortal/HomePage/title_1.png]
[icsse2017.hcmute.edu.vn/Resources/ImagesPortal/HomePage/title_2.png]
[icsse2017.hcmute.edu.vn/Resources/ImagesPortal/HomePage/title_3.png]
[icsse2017.hcmute.edu.vn/Resources/ImagesPortal/HomePage/title_4.png]
[icsse2017.hcmute.edu.vn/Resources/ImagesPortal/HomePage/bg_img.png]
[icsse2017.hcmute.edu.vn/Resources/ImagesPortal/HomePage/arrow.png]
[icsse2017.hcmute.edu.vn/CSS/mainPortlets.css]
[icsse2017.hcmute.edu.vn/Portlets/NivoSlider/CSS/nivo-slider.css]
[icsse2017.hcmute.edu.vn/Portlets/NivoSlider/CSS/themes/default/loading.gif]
[icsse2017.hcmute.edu.vn/Portlets/NivoSlider/CSS/themes/default/bullets.png]
[icsse2017.hcmute.edu.vn/Portlets/NivoSlider/CSS/themes/default/arrows.png]
[icsse2017.hcmute.edu.vn/Portlets/NivoSlider/CSS/themes/default/default.css]
[icsse2017.hcmute.edu.vn/Portlets/NivoSlider/Scripts/jquery.nivo.slider.js]
[icsse2017.hcmute.edu.vn/Portlets/MenuRad/Menu/rmSprite.png]
[icsse2017.hcmute.edu.vn/Portlets/MenuRad/Menu.Green.css]
[icsse2017.hcmute.edu.vn/Default71a5.html]
[icsse2017.hcmute.edu.vn/Portlets/MenuRad/index.html]
[icsse2017.hcmute.edu.vn/WebResource7391.css]
[icsse2017.hcmute.edu.vn/ScriptResourcecad0.js]
[icsse2017.hcmute.edu.vn/Modules/TopicArticleDisplay.css]
[icsse2017.hcmute.edu.vn/indexb681.html]
[icsse2017.hcmute.edu.vn/Telerik.Web.UI.WebResourcea62a.js]
[icsse2017.hcmute.edu.vn/Resources/ImagesPortal/HomePage/tinkhac.png]
[icsse2017.hcmute.edu.vn/index50b6.html]
[icsse2017.hcmute.edu.vn/Resources/ImagesPortal/HomePage/guigopy.png]
[icsse2017.hcmute.edu.vn/Telerik.Web.UI.WebResource7707.jpg]
[icsse2017.hcmute.edu.vn/Default50b6.html]
[icsse2017.hcmute.edu.vn/Resources/Images/SubDomain/icsse2017/hinh truong.jpg]
[en.hcmute.edu.vn/Resources/Images/SubDomain/HomePage/Introduction/Tot nghiep.jpg]
[icsse2017.hcmute.edu.vn/index093c.html]
[icsse2017.hcmute.edu.vn/Telerik.Web.UI.WebResource2f5c.jpg]
[icsse2017.hcmute.edu.vn/Default093c.html]
[icsse2017.hcmute.edu.vn/Telerik.Web.UI.WebResource3e4f.jpg]
[icsse2017.hcmute.edu.vn/Default816d.html]
[icsse2017.hcmute.edu.vn/indexeeda.html]
[icsse2017.hcmute.edu.vn/index032f.html]
[icsse2017.hcmute.edu.vn/index816d.html]
[icsse2017.hcmute.edu.vn/Resources/Docs/SubDomain/icsse2017/ICSSE 2017 call for papers final.pdf]
[icsse2017.hcmute.edu.vn/indexb404.html]
[icsse2017.hcmute.edu.vn/Resources/Images/SubDomain/icsse2017/images.jpg]
[icsse2017.hcmute.edu.vn/index789b.html]
[icsse2017.hcmute.edu.vn/Telerik.Web.UI.WebResource823b.jpg]
[icsse2017.hcmute.edu.vn/Default789b.html]
[icsse2017.hcmute.edu.vn/Resources/Images/SubDomain/icsse2017/ss01.png]
[icsse2017.hcmute.edu.vn/index7c70.html]
[icsse2017.hcmute.edu.vn/Resources/Images/SubDomain/icsse2017/SS02.png]
[icsse2017.hcmute.edu.vn/indexd478.html]
[icsse2017.hcmute.edu.vn/Telerik.Web.UI.WebResource70d8.jpg]
[icsse2017.hcmute.edu.vn/Defaultd478.html]
[icsse2017.hcmute.edu.vn/Telerik.Web.UI.WebResource59dc.jpg]
[icsse2017.hcmute.edu.vn/Defaulta8ef.html]
[icsse2017.hcmute.edu.vn/Resources/Images/SubDomain/icsse2017/RUDAS_03.jpg]
[icsse2017.hcmute.edu.vn/indexa8ef.html]
[icsse2017.hcmute.edu.vn/indexeacd.html]
[www.sfu.ca/content/sfu/engineering/faculty-and-staff/faculty/ljiljana_trajkovic/jcr_content/main_content/image.img.2000.high.jpg/1420563224913.jpg]
[icsse2017.hcmute.edu.vn/index547f.html]
[icsse2017.hcmute.edu.vn/Telerik.Web.UI.WebResourcedb99.jpg]
[icsse2017.hcmute.edu.vn/Default6b73.html]
[icsse2017.hcmute.edu.vn/index6b73.html]
[icsse2017.hcmute.edu.vn/Telerik.Web.UI.WebResource2adc.jpg]
[icsse2017.hcmute.edu.vn/Default84ba.html]
[icsse2017.hcmute.edu.vn/indexee2e.html]
[icsse2017.hcmute.edu.vn/WebResource1fbe.css]
[icsse2017.hcmute.edu.vn/WebResource9ac1.css]
[icsse2017.hcmute.edu.vn/index84ba.html]
[icsse2017.hcmute.edu.vn/Services/GetArticleImage37b3.jpg]
[icsse2017.hcmute.edu.vn/Services/GetArticleImage07ea.jpg]
[icsse2017.hcmute.edu.vn/indexc059.html]
[icsse2017.hcmute.edu.vn/Services/GetArticleImage0336.jpg]
[icsse2017.hcmute.edu.vn/Telerik.Web.UI.WebResourcedc3b.jpg]
[icsse2017.hcmute.edu.vn/index52be.html]
[icsse2017.hcmute.edu.vn/Telerik.Web.UI.WebResource82d2.js]
[icsse2017.hcmute.edu.vn/Telerik.Web.UI.WebResource7e85.jpg]
[icsse2017.hcmute.edu.vn/indexe41c.html]
[icsse2017.hcmute.edu.vn/ArticleId/945864b5-165f-45a3-8e75-a9ba5ac1f9ef/index.html]
[icsse2017.hcmute.edu.vn/indexc489.html]
[icsse2017.hcmute.edu.vn/Resources/ImagePhoto/bg_bt_spm.html]
[icsse2017.hcmute.edu.vn/POST.html]
[icsse2017.hcmute.edu.vn/Telerik.Web.UI.WebResource9865.jpg]
[icsse2017.hcmute.edu.vn/Opera/index.html]
[icsse2017.hcmute.edu.vn/MicrosoftAjaxWebForms.html]
[icsse2017.hcmute.edu.vn/MicrosoftAjaxSerialization.html]
[icsse2017.hcmute.edu.vn/MicrosoftAjaxNetwork.html]
[icsse2017.hcmute.edu.vn/WebKit/index.html]
[icsse2017.hcmute.edu.vn/WebResourceb5f0.gif]
[icsse2017.hcmute.edu.vn/WebResource48fa.png]
[icsse2017.hcmute.edu.vn/WebResourceb13f.css]
[icsse2017.hcmute.edu.vn/WebResourcea59b.gif]
[icsse2017.hcmute.edu.vn/WebResource1f36.gif]
[icsse2017.hcmute.edu.vn/WebResource91a3.gif]
[icsse2017.hcmute.edu.vn/WebResource7391.css]
[icsse2017.hcmute.edu.vn/ScriptResourcecad0.js]
[icsse2017.hcmute.edu.vn/Telerik.Web.UI.WebResourcea62a.js]
[icsse2017.hcmute.edu.vn/Modules/TopicArticleDisplay.css]
[icsse2017.hcmute.edu.vn/Services/GetArticleImage275d.jpg]
[icsse2017.hcmute.edu.vn/indexb681.html]
[icsse2017.hcmute.edu.vn/Telerik.Web.UI.WebResource3072.jpg]
[icsse2017.hcmute.edu.vn/index50b6.html]
[icsse2017.hcmute.edu.vn/Services/GetArticleImagefd66.jpg]
[icsse2017.hcmute.edu.vn/indexeeda.html]
[icsse2017.hcmute.edu.vn/Telerik.Web.UI.WebResource7714.jpg]
[icsse2017.hcmute.edu.vn/index093c.html]
[icsse2017.hcmute.edu.vn/Services/GetArticleImage797c.jpg]
[icsse2017.hcmute.edu.vn/index032f.html]
[icsse2017.hcmute.edu.vn/Telerik.Web.UI.WebResource1786.jpg]
[en.hcmute.edu.vn/Resources/Images/SubDomain/HomePage/Introduction/Tot nghiep.jpg]
[icsse2017.hcmute.edu.vn/index816d.html]
[icsse2017.hcmute.edu.vn/Services/GetArticleImage80e4.jpg]
[icsse2017.hcmute.edu.vn/indexb404.html]
[icsse2017.hcmute.edu.vn/Telerik.Web.UI.WebResourcea544.jpg]
[icsse2017.hcmute.edu.vn/index789b.html]
[icsse2017.hcmute.edu.vn/Services/GetArticleImagef8ef.jpg]
[icsse2017.hcmute.edu.vn/index7c70.html]
[icsse2017.hcmute.edu.vn/Telerik.Web.UI.WebResourceadf3.jpg]
[icsse2017.hcmute.edu.vn/indexd478.html]
[icsse2017.hcmute.edu.vn/Services/GetArticleImaged303.jpg]
[icsse2017.hcmute.edu.vn/indexeacd.html]
[icsse2017.hcmute.edu.vn/Telerik.Web.UI.WebResource0f84.jpg]
[icsse2017.hcmute.edu.vn/indexa8ef.html]
[icsse2017.hcmute.edu.vn/Services/GetArticleImage8a39.jpg]
[icsse2017.hcmute.edu.vn/index547f.html]
[icsse2017.hcmute.edu.vn/Telerik.Web.UI.WebResource6bb7.jpg]
[icsse2017.hcmute.edu.vn/index6b73.html]
[icsse2017.hcmute.edu.vn/Services/GetArticleImage1a81.jpg]
[icsse2017.hcmute.edu.vn/indexee2e.html]
[icsse2017.hcmute.edu.vn/Telerik.Web.UI.WebResource7b4a.jpg]
[icsse2017.hcmute.edu.vn/index84ba.html]
[icsse2017.hcmute.edu.vn/WebResourcede99.axd]
[icsse2017.hcmute.edu.vn/WebResource1fbe.css]
[icsse2017.hcmute.edu.vn/WebResource151e.gif]
[icsse2017.hcmute.edu.vn/WebResource1a54.gif]
[icsse2017.hcmute.edu.vn/WebResource970b.gif]
[icsse2017.hcmute.edu.vn/WebResource9ac1.css]
[icsse2017.hcmute.edu.vn/Telerik.Web.UI.WebResource82d2.js]
[icsse2017.hcmute.edu.vn/wjwang@ee.ncu.edu.html]
[icsse2017.hcmute.edu.vn/Telerik.Web.UI.WebResource13ac.jpg]
[icsse2017.hcmute.edu.vn/ArticleId/945864b5-165f-45a3-8e75-a9ba5ac1f9ef/index.html]
[icsse2017.hcmute.edu.vn/Firefox/index.html]
[icsse2017.hcmute.edu.vn/AppleWebKit/index.html]
[icsse2017.hcmute.edu.vn/WebResourcefd16.gif]
[icsse2017.hcmute.edu.vn/WebResourcea42a.gif]
[icsse2017.hcmute.edu.vn/WebResource05d1.png]
[icsse2017.hcmute.edu.vn/WebResourceb13f.css]
[icsse2017.hcmute.edu.vn/ImageManager.html]
[icsse2017.hcmute.edu.vn/Telerik.Web.UI.SpellCheckHandler.html]
